Release 14.7 Map P.20131013 (nt64)
Xilinx Map Application Log File for Design 'decoder_3_to_8'

Design Information
------------------
Command Line   : map -intstyle ise -p xc6vlx75t-ff484-3 -w -logic_opt off -ol
high -t 1 -xt 0 -register_duplication off -r 4 -global_opt off -mt off -ir off
-pr off -lc off -power off -o decoder_3_to_8_map.ncd decoder_3_to_8.ngd
decoder_3_to_8.pcf 
Target Device  : xc6vlx75t
Target Package : ff484
Target Speed   : -3
Mapper Version : virtex6 -- $Revision: 1.55 $
Mapped Date    : Fri Sep 09 13:31:33 2022

Mapping design into LUTs...
Running directed packing...
Running delay-based LUT packing...
Updating timing models...
INFO:Map:215 - The Interim Design Summary has been generated in the MAP Report
   (.mrp).
Running timing-driven placement...
Total REAL time at the beginning of Placer: 50 secs 
Total CPU  time at the beginning of Placer: 40 secs 

Phase 1.1  Initial Placement Analysis
Phase 1.1  Initial Placement Analysis (Checksum:27b) REAL time: 57 secs 

Phase 2.7  Design Feasibility Check
Phase 2.7  Design Feasibility Check (Checksum:27b) REAL time: 57 secs 

Phase 3.31  Local Placement Optimization
Phase 3.31  Local Placement Optimization (Checksum:1ba23283) REAL time: 57 secs 

Phase 4.37  Local Placement Optimization
Phase 4.37  Local Placement Optimization (Checksum:1ba23283) REAL time: 57 secs 

Phase 5.2  Initial Placement for Architecture Specific Features
...
Phase 5.2  Initial Placement for Architecture Specific Features
(Checksum:1ba23283) REAL time: 58 secs 

Phase 6.36  Local Placement Optimization
Phase 6.36  Local Placement Optimization (Checksum:1ba23283) REAL time: 58 secs 

Phase 7.30  Global Clock Region Assignment
Phase 7.30  Global Clock Region Assignment (Checksum:1ba23283) REAL time: 58 secs 

Phase 8.3  Local Placement Optimization
...
Phase 8.3  Local Placement Optimization (Checksum:1ba33bf1) REAL time: 58 secs 

Phase 9.5  Local Placement Optimization
Phase 9.5  Local Placement Optimization (Checksum:1ba33bf1) REAL time: 58 secs 

Phase 10.8  Global Placement
