--------------------------------------------------------------------------------
Release 14.7 Trace  (nt64)
Copyright (c) 1995-2013 Xilinx, Inc.  All rights reserved.

D:\Xilinx\14.7\ISE_DS\ISE\bin\nt64\unwrapped\trce.exe -intstyle ise -v 3 -s 3
-n 3 -fastpaths -xml RF_plus_ALU.twx RF_plus_ALU.ncd -o RF_plus_ALU.twr
RF_plus_ALU.pcf

Design file:              RF_plus_ALU.ncd
Physical constraint file: RF_plus_ALU.pcf
Device,package,speed:     xc6vlx75t,ff484,C,-3 (PRODUCTION 1.17 2013-10-13)
Report level:             verbose report

Environment Variable      Effect 
--------------------      ------ 
NONE                      No environment variables were set
--------------------------------------------------------------------------------

INFO:Timing:2698 - No timing constraints found, doing default enumeration.
INFO:Timing:3412 - To improve timing, see the Timing Closure User Guide (UG612).
INFO:Timing:2752 - To get complete path coverage, use the unconstrained paths 
   option. All paths that are not constrained will be reported in the 
   unconstrained paths section(s) of the report.
INFO:Timing:3339 - The clock-to-out numbers in this timing report are based on 
   a 50 Ohm transmission line loading model.  For the details of this model, 
   and for more information on accounting for different loading conditions, 
   please see the device datasheet.



Data Sheet report:
-----------------
All values displayed in nanoseconds (ns)

Pad to Pad
---------------+---------------+---------+
Source Pad     |Destination Pad|  Delay  |
---------------+---------------+---------+
ALU_Operator   |C              |   14.292|
ALU_Operator   |N              |   14.132|
ALU_Operator   |V              |   14.202|
ALU_Operator   |Y<0>           |    7.676|
ALU_Operator   |Y<1>           |    8.079|
ALU_Operator   |Y<2>           |    8.775|
ALU_Operator   |Y<3>           |    9.477|
ALU_Operator   |Y<4>           |    9.599|
ALU_Operator   |Y<5>           |    9.988|
ALU_Operator   |Y<6>           |   10.144|
ALU_Operator   |Y<7>           |   10.496|
ALU_Operator   |Y<8>           |   11.147|
ALU_Operator   |Y<9>           |   11.560|
ALU_Operator   |Y<10>          |   11.961|
ALU_Operator   |Y<11>          |   12.371|
ALU_Operator   |Y<12>          |   13.061|
ALU_Operator   |Y<13>          |   13.047|
ALU_Operator   |Y<14>          |   13.542|
ALU_Operator   |Y<15>          |   13.966|
ALU_Operator   |Z              |   14.327|
Read_Addr_A<0> |C              |   14.822|
Read_Addr_A<0> |N              |   14.662|
Read_Addr_A<0> |OutA<0>        |    7.488|
Read_Addr_A<0> |OutA<1>        |    7.502|
Read_Addr_A<0> |OutA<2>        |    6.604|
Read_Addr_A<0> |OutA<3>        |    7.126|
Read_Addr_A<0> |OutA<4>        |    6.839|
Read_Addr_A<0> |OutA<5>        |    9.193|
Read_Addr_A<0> |OutA<6>        |    8.034|
Read_Addr_A<0> |OutA<7>        |    9.467|
Read_Addr_A<0> |OutA<8>        |    7.544|
Read_Addr_A<0> |OutA<9>        |    6.340|
Read_Addr_A<0> |OutA<10>       |    7.902|
Read_Addr_A<0> |OutA<11>       |    6.038|
Read_Addr_A<0> |OutA<12>       |    6.306|
Read_Addr_A<0> |OutA<13>       |    6.509|
Read_Addr_A<0> |OutA<14>       |    6.780|
Read_Addr_A<0> |OutA<15>       |    5.678|
Read_Addr_A<0> |V              |   14.732|
Read_Addr_A<0> |Y<0>           |    8.206|
Read_Addr_A<0> |Y<1>           |    8.609|
Read_Addr_A<0> |Y<2>           |    9.305|
Read_Addr_A<0> |Y<3>           |   10.007|
Read_Addr_A<0> |Y<4>           |   10.129|
Read_Addr_A<0> |Y<5>           |   10.518|
Read_Addr_A<0> |Y<6>           |   10.674|
Read_Addr_A<0> |Y<7>           |   11.026|
Read_Addr_A<0> |Y<8>           |   11.677|
Read_Addr_A<0> |Y<9>           |   12.090|
Read_Addr_A<0> |Y<10>          |   12.491|
Read_Addr_A<0> |Y<11>          |   12.901|
Read_Addr_A<0> |Y<12>          |   13.591|
Read_Addr_A<0> |Y<13>          |   13.577|
Read_Addr_A<0> |Y<14>          |   14.072|
Read_Addr_A<0> |Y<15>          |   14.496|
Read_Addr_A<0> |Z              |   14.857|
Read_Addr_A<1> |C              |   14.642|
Read_Addr_A<1> |N              |   14.482|
Read_Addr_A<1> |OutA<0>        |    7.308|
Read_Addr_A<1> |OutA<1>        |    7.872|
Read_Addr_A<1> |OutA<2>        |    6.919|
Read_Addr_A<1> |OutA<3>        |    6.814|
Read_Addr_A<1> |OutA<4>        |    6.868|
Read_Addr_A<1> |OutA<5>        |    7.897|
Read_Addr_A<1> |OutA<6>        |    6.023|
Read_Addr_A<1> |OutA<7>        |    7.643|
Read_Addr_A<1> |OutA<8>        |    5.673|
Read_Addr_A<1> |OutA<9>        |    6.153|
Read_Addr_A<1> |OutA<10>       |    6.178|
Read_Addr_A<1> |OutA<11>       |    5.879|
Read_Addr_A<1> |OutA<12>       |    6.890|
Read_Addr_A<1> |OutA<13>       |    6.582|
Read_Addr_A<1> |OutA<14>       |    5.746|
Read_Addr_A<1> |OutA<15>       |    6.030|
Read_Addr_A<1> |V              |   14.552|
Read_Addr_A<1> |Y<0>           |    8.026|
Read_Addr_A<1> |Y<1>           |    8.834|
Read_Addr_A<1> |Y<2>           |    9.125|
Read_Addr_A<1> |Y<3>           |    9.827|
Read_Addr_A<1> |Y<4>           |    9.949|
Read_Addr_A<1> |Y<5>           |   10.338|
Read_Addr_A<1> |Y<6>           |   10.494|
Read_Addr_A<1> |Y<7>           |   10.846|
Read_Addr_A<1> |Y<8>           |   11.497|
Read_Addr_A<1> |Y<9>           |   11.910|
Read_Addr_A<1> |Y<10>          |   12.311|
Read_Addr_A<1> |Y<11>          |   12.721|
Read_Addr_A<1> |Y<12>          |   13.411|
Read_Addr_A<1> |Y<13>          |   13.397|
Read_Addr_A<1> |Y<14>          |   13.892|
Read_Addr_A<1> |Y<15>          |   14.316|
Read_Addr_A<1> |Z              |   14.677|
Read_Addr_A<2> |C              |   14.995|
Read_Addr_A<2> |N              |   14.835|
Read_Addr_A<2> |OutA<0>        |    7.661|
Read_Addr_A<2> |OutA<1>        |    7.867|
Read_Addr_A<2> |OutA<2>        |    7.524|
Read_Addr_A<2> |OutA<3>        |    7.282|
Read_Addr_A<2> |OutA<4>        |    7.411|
Read_Addr_A<2> |OutA<5>        |    7.397|
Read_Addr_A<2> |OutA<6>        |    6.259|
Read_Addr_A<2> |OutA<7>        |    7.970|
Read_Addr_A<2> |OutA<8>        |    6.274|
Read_Addr_A<2> |OutA<9>        |    6.952|
Read_Addr_A<2> |OutA<10>       |    6.398|
Read_Addr_A<2> |OutA<11>       |    6.529|
Read_Addr_A<2> |OutA<12>       |    6.053|
Read_Addr_A<2> |OutA<13>       |    6.161|
Read_Addr_A<2> |OutA<14>       |    5.433|
Read_Addr_A<2> |OutA<15>       |    6.144|
Read_Addr_A<2> |V              |   14.905|
Read_Addr_A<2> |Y<0>           |    8.379|
Read_Addr_A<2> |Y<1>           |    8.829|
Read_Addr_A<2> |Y<2>           |    9.478|
Read_Addr_A<2> |Y<3>           |   10.180|
Read_Addr_A<2> |Y<4>           |   10.302|
Read_Addr_A<2> |Y<5>           |   10.691|
Read_Addr_A<2> |Y<6>           |   10.847|
Read_Addr_A<2> |Y<7>           |   11.199|
Read_Addr_A<2> |Y<8>           |   11.850|
Read_Addr_A<2> |Y<9>           |   12.263|
Read_Addr_A<2> |Y<10>          |   12.664|
Read_Addr_A<2> |Y<11>          |   13.074|
Read_Addr_A<2> |Y<12>          |   13.764|
Read_Addr_A<2> |Y<13>          |   13.750|
Read_Addr_A<2> |Y<14>          |   14.245|
Read_Addr_A<2> |Y<15>          |   14.669|
Read_Addr_A<2> |Z              |   15.030|
Read_Addr_B<0> |C              |   15.630|
Read_Addr_B<0> |N              |   15.470|
Read_Addr_B<0> |OutB<0>        |    8.117|
Read_Addr_B<0> |OutB<1>        |    8.280|
Read_Addr_B<0> |OutB<2>        |    7.224|
Read_Addr_B<0> |OutB<3>        |    7.574|
Read_Addr_B<0> |OutB<4>        |    7.446|
Read_Addr_B<0> |OutB<5>        |    6.787|
Read_Addr_B<0> |OutB<6>        |    6.674|
Read_Addr_B<0> |OutB<7>        |    7.063|
Read_Addr_B<0> |OutB<8>        |    5.859|
Read_Addr_B<0> |OutB<9>        |    6.709|
Read_Addr_B<0> |OutB<10>       |    5.441|
Read_Addr_B<0> |OutB<11>       |    6.777|
Read_Addr_B<0> |OutB<12>       |    6.447|
Read_Addr_B<0> |OutB<13>       |    5.452|
Read_Addr_B<0> |OutB<14>       |    4.962|
Read_Addr_B<0> |OutB<15>       |    6.211|
Read_Addr_B<0> |V              |   15.540|
Read_Addr_B<0> |Y<0>           |    9.014|
Read_Addr_B<0> |Y<1>           |    9.417|
Read_Addr_B<0> |Y<2>           |   10.113|
Read_Addr_B<0> |Y<3>           |   10.815|
Read_Addr_B<0> |Y<4>           |   10.937|
Read_Addr_B<0> |Y<5>           |   11.326|
Read_Addr_B<0> |Y<6>           |   11.482|
Read_Addr_B<0> |Y<7>           |   11.834|
Read_Addr_B<0> |Y<8>           |   12.485|
Read_Addr_B<0> |Y<9>           |   12.898|
Read_Addr_B<0> |Y<10>          |   13.299|
Read_Addr_B<0> |Y<11>          |   13.709|
Read_Addr_B<0> |Y<12>          |   14.399|
Read_Addr_B<0> |Y<13>          |   14.385|
Read_Addr_B<0> |Y<14>          |   14.880|
Read_Addr_B<0> |Y<15>          |   15.304|
Read_Addr_B<0> |Z              |   15.665|
Read_Addr_B<1> |C              |   15.825|
Read_Addr_B<1> |N              |   15.665|
Read_Addr_B<1> |OutB<0>        |    8.312|
Read_Addr_B<1> |OutB<1>        |    8.508|
Read_Addr_B<1> |OutB<2>        |    6.994|
Read_Addr_B<1> |OutB<3>        |    7.232|
Read_Addr_B<1> |OutB<4>        |    7.059|
Read_Addr_B<1> |OutB<5>        |    8.102|
Read_Addr_B<1> |OutB<6>        |    6.425|
Read_Addr_B<1> |OutB<7>        |    6.574|
Read_Addr_B<1> |OutB<8>        |    5.838|
Read_Addr_B<1> |OutB<9>        |    6.496|
Read_Addr_B<1> |OutB<10>       |    5.083|
Read_Addr_B<1> |OutB<11>       |    6.660|
Read_Addr_B<1> |OutB<12>       |    6.386|
Read_Addr_B<1> |OutB<13>       |    5.449|
Read_Addr_B<1> |OutB<14>       |    5.139|
Read_Addr_B<1> |OutB<15>       |    6.268|
Read_Addr_B<1> |V              |   15.735|
Read_Addr_B<1> |Y<0>           |    9.209|
Read_Addr_B<1> |Y<1>           |    9.612|
Read_Addr_B<1> |Y<2>           |   10.308|
Read_Addr_B<1> |Y<3>           |   11.010|
Read_Addr_B<1> |Y<4>           |   11.132|
Read_Addr_B<1> |Y<5>           |   11.521|
Read_Addr_B<1> |Y<6>           |   11.677|
Read_Addr_B<1> |Y<7>           |   12.029|
Read_Addr_B<1> |Y<8>           |   12.680|
Read_Addr_B<1> |Y<9>           |   13.093|
Read_Addr_B<1> |Y<10>          |   13.494|
Read_Addr_B<1> |Y<11>          |   13.904|
Read_Addr_B<1> |Y<12>          |   14.594|
Read_Addr_B<1> |Y<13>          |   14.580|
Read_Addr_B<1> |Y<14>          |   15.075|
Read_Addr_B<1> |Y<15>          |   15.499|
Read_Addr_B<1> |Z              |   15.860|
Read_Addr_B<2> |C              |   16.763|
Read_Addr_B<2> |N              |   16.603|
Read_Addr_B<2> |OutB<0>        |    9.250|
Read_Addr_B<2> |OutB<1>        |    9.344|
Read_Addr_B<2> |OutB<2>        |    8.208|
Read_Addr_B<2> |OutB<3>        |    8.444|
Read_Addr_B<2> |OutB<4>        |    7.854|
Read_Addr_B<2> |OutB<5>        |    7.043|
Read_Addr_B<2> |OutB<6>        |    6.713|
Read_Addr_B<2> |OutB<7>        |    7.161|
Read_Addr_B<2> |OutB<8>        |    5.895|
Read_Addr_B<2> |OutB<9>        |    7.183|
Read_Addr_B<2> |OutB<10>       |    5.642|
Read_Addr_B<2> |OutB<11>       |    7.166|
Read_Addr_B<2> |OutB<12>       |    6.479|
Read_Addr_B<2> |OutB<13>       |    5.598|
Read_Addr_B<2> |OutB<14>       |    5.338|
Read_Addr_B<2> |OutB<15>       |    6.465|
Read_Addr_B<2> |V              |   16.673|
Read_Addr_B<2> |Y<0>           |   10.147|
Read_Addr_B<2> |Y<1>           |   10.550|
Read_Addr_B<2> |Y<2>           |   11.246|
Read_Addr_B<2> |Y<3>           |   11.948|
Read_Addr_B<2> |Y<4>           |   12.070|
Read_Addr_B<2> |Y<5>           |   12.459|
Read_Addr_B<2> |Y<6>           |   12.615|
Read_Addr_B<2> |Y<7>           |   12.967|
Read_Addr_B<2> |Y<8>           |   13.618|
Read_Addr_B<2> |Y<9>           |   14.031|
Read_Addr_B<2> |Y<10>          |   14.432|
Read_Addr_B<2> |Y<11>          |   14.842|
Read_Addr_B<2> |Y<12>          |   15.532|
Read_Addr_B<2> |Y<13>          |   15.518|
Read_Addr_B<2> |Y<14>          |   16.013|
Read_Addr_B<2> |Y<15>          |   16.437|
Read_Addr_B<2> |Z              |   16.798|
Src_ALU_B      |C              |   13.737|
Src_ALU_B      |N              |   13.577|
Src_ALU_B      |V              |   13.647|
Src_ALU_B      |Y<0>           |    7.109|
Src_ALU_B      |Y<1>           |    7.512|
Src_ALU_B      |Y<2>           |    8.208|
Src_ALU_B      |Y<3>           |    8.910|
Src_ALU_B      |Y<4>           |    9.032|
Src_ALU_B      |Y<5>           |    9.421|
Src_ALU_B      |Y<6>           |    9.589|
Src_ALU_B      |Y<7>           |    9.941|
Src_ALU_B      |Y<8>           |   10.592|
Src_ALU_B      |Y<9>           |   11.005|
Src_ALU_B      |Y<10>          |   11.406|
Src_ALU_B      |Y<11>          |   11.816|
Src_ALU_B      |Y<12>          |   12.506|
Src_ALU_B      |Y<13>          |   12.492|
Src_ALU_B      |Y<14>          |   12.987|
Src_ALU_B      |Y<15>          |   13.411|
Src_ALU_B      |Z              |   13.772|
Write_Addr<0>  |C              |   15.855|
Write_Addr<0>  |N              |   15.695|
Write_Addr<0>  |OutA<0>        |    7.848|
Write_Addr<0>  |OutA<1>        |    7.955|
Write_Addr<0>  |OutA<2>        |    7.499|
Write_Addr<0>  |OutA<3>        |    7.527|
Write_Addr<0>  |OutA<4>        |    7.475|
Write_Addr<0>  |OutA<5>        |    8.812|
Write_Addr<0>  |OutA<6>        |    7.576|
Write_Addr<0>  |OutA<7>        |    8.878|
Write_Addr<0>  |OutA<8>        |    6.665|
Write_Addr<0>  |OutA<9>        |    7.264|
Write_Addr<0>  |OutA<10>       |    8.752|
Write_Addr<0>  |OutA<11>       |    7.748|
Write_Addr<0>  |OutA<12>       |    8.049|
Write_Addr<0>  |OutA<13>       |    8.250|
Write_Addr<0>  |OutA<14>       |    7.862|
Write_Addr<0>  |OutA<15>       |    7.844|
Write_Addr<0>  |OutB<0>        |    8.342|
Write_Addr<0>  |OutB<1>        |    7.851|
Write_Addr<0>  |OutB<2>        |    7.494|
Write_Addr<0>  |OutB<3>        |    7.694|
Write_Addr<0>  |OutB<4>        |    7.779|
Write_Addr<0>  |OutB<5>        |    7.899|
Write_Addr<0>  |OutB<6>        |    8.003|
Write_Addr<0>  |OutB<7>        |    7.715|
Write_Addr<0>  |OutB<8>        |    6.833|
Write_Addr<0>  |OutB<9>        |    6.885|
Write_Addr<0>  |OutB<10>       |    7.309|
Write_Addr<0>  |OutB<11>       |    7.570|
Write_Addr<0>  |OutB<12>       |    8.625|
Write_Addr<0>  |OutB<13>       |    7.695|
Write_Addr<0>  |OutB<14>       |    7.695|
Write_Addr<0>  |OutB<15>       |    7.933|
Write_Addr<0>  |V              |   15.765|
Write_Addr<0>  |Y<0>           |    9.239|
Write_Addr<0>  |Y<1>           |    9.642|
Write_Addr<0>  |Y<2>           |   10.338|
Write_Addr<0>  |Y<3>           |   11.040|
Write_Addr<0>  |Y<4>           |   11.162|
Write_Addr<0>  |Y<5>           |   11.551|
Write_Addr<0>  |Y<6>           |   11.707|
Write_Addr<0>  |Y<7>           |   12.059|
Write_Addr<0>  |Y<8>           |   12.710|
Write_Addr<0>  |Y<9>           |   13.123|
Write_Addr<0>  |Y<10>          |   13.524|
Write_Addr<0>  |Y<11>          |   13.934|
Write_Addr<0>  |Y<12>          |   14.624|
Write_Addr<0>  |Y<13>          |   14.610|
Write_Addr<0>  |Y<14>          |   15.105|
Write_Addr<0>  |Y<15>          |   15.529|
Write_Addr<0>  |Z              |   15.890|
Write_Addr<1>  |C              |   15.950|
Write_Addr<1>  |N              |   15.790|
Write_Addr<1>  |OutA<0>        |    7.754|
Write_Addr<1>  |OutA<1>        |    8.166|
Write_Addr<1>  |OutA<2>        |    7.430|
Write_Addr<1>  |OutA<3>        |    7.675|
Write_Addr<1>  |OutA<4>        |    7.339|
Write_Addr<1>  |OutA<5>        |    8.832|
Write_Addr<1>  |OutA<6>        |    7.572|
Write_Addr<1>  |OutA<7>        |    9.026|
Write_Addr<1>  |OutA<8>        |    6.685|
Write_Addr<1>  |OutA<9>        |    7.516|
Write_Addr<1>  |OutA<10>       |    8.963|
Write_Addr<1>  |OutA<11>       |    7.580|
Write_Addr<1>  |OutA<12>       |    8.260|
Write_Addr<1>  |OutA<13>       |    8.228|
Write_Addr<1>  |OutA<14>       |    8.073|
Write_Addr<1>  |OutA<15>       |    7.991|
Write_Addr<1>  |OutB<0>        |    8.437|
Write_Addr<1>  |OutB<1>        |    8.062|
Write_Addr<1>  |OutB<2>        |    7.641|
Write_Addr<1>  |OutB<3>        |    7.841|
Write_Addr<1>  |OutB<4>        |    7.744|
Write_Addr<1>  |OutB<5>        |    7.763|
Write_Addr<1>  |OutB<6>        |    7.759|
Write_Addr<1>  |OutB<7>        |    7.863|
Write_Addr<1>  |OutB<8>        |    7.038|
Write_Addr<1>  |OutB<9>        |    7.054|
Write_Addr<1>  |OutB<10>       |    7.520|
Write_Addr<1>  |OutB<11>       |    7.404|
Write_Addr<1>  |OutB<12>       |    8.772|
Write_Addr<1>  |OutB<13>       |    7.694|
Write_Addr<1>  |OutB<14>       |    7.906|
Write_Addr<1>  |OutB<15>       |    8.080|
Write_Addr<1>  |V              |   15.860|
Write_Addr<1>  |Y<0>           |    9.334|
Write_Addr<1>  |Y<1>           |    9.737|
Write_Addr<1>  |Y<2>           |   10.433|
Write_Addr<1>  |Y<3>           |   11.135|
Write_Addr<1>  |Y<4>           |   11.257|
Write_Addr<1>  |Y<5>           |   11.646|
Write_Addr<1>  |Y<6>           |   11.802|
Write_Addr<1>  |Y<7>           |   12.154|
Write_Addr<1>  |Y<8>           |   12.805|
Write_Addr<1>  |Y<9>           |   13.218|
Write_Addr<1>  |Y<10>          |   13.619|
Write_Addr<1>  |Y<11>          |   14.029|
Write_Addr<1>  |Y<12>          |   14.719|
Write_Addr<1>  |Y<13>          |   14.705|
Write_Addr<1>  |Y<14>          |   15.200|
Write_Addr<1>  |Y<15>          |   15.624|
Write_Addr<1>  |Z              |   15.985|
Write_Addr<2>  |C              |   15.853|
Write_Addr<2>  |N              |   15.693|
Write_Addr<2>  |OutA<0>        |    7.752|
Write_Addr<2>  |OutA<1>        |    8.181|
Write_Addr<2>  |OutA<2>        |    7.403|
Write_Addr<2>  |OutA<3>        |    7.572|
Write_Addr<2>  |OutA<4>        |    7.379|
Write_Addr<2>  |OutA<5>        |    8.749|
Write_Addr<2>  |OutA<6>        |    7.491|
Write_Addr<2>  |OutA<7>        |    8.923|
Write_Addr<2>  |OutA<8>        |    6.742|
Write_Addr<2>  |OutA<9>        |    7.475|
Write_Addr<2>  |OutA<10>       |    8.978|
Write_Addr<2>  |OutA<11>       |    7.620|
Write_Addr<2>  |OutA<12>       |    8.275|
Write_Addr<2>  |OutA<13>       |    8.154|
Write_Addr<2>  |OutA<14>       |    8.088|
Write_Addr<2>  |OutA<15>       |    7.894|
Write_Addr<2>  |OutB<0>        |    8.340|
Write_Addr<2>  |OutB<1>        |    8.077|
Write_Addr<2>  |OutB<2>        |    7.544|
Write_Addr<2>  |OutB<3>        |    7.744|
Write_Addr<2>  |OutB<4>        |    7.694|
Write_Addr<2>  |OutB<5>        |    7.803|
Write_Addr<2>  |OutB<6>        |    7.694|
Write_Addr<2>  |OutB<7>        |    7.760|
Write_Addr<2>  |OutB<8>        |    6.955|
Write_Addr<2>  |OutB<9>        |    6.971|
Write_Addr<2>  |OutB<10>       |    7.535|
Write_Addr<2>  |OutB<11>       |    7.457|
Write_Addr<2>  |OutB<12>       |    8.675|
Write_Addr<2>  |OutB<13>       |    7.599|
Write_Addr<2>  |OutB<14>       |    7.921|
Write_Addr<2>  |OutB<15>       |    7.983|
Write_Addr<2>  |V              |   15.763|
Write_Addr<2>  |Y<0>           |    9.237|
Write_Addr<2>  |Y<1>           |    9.640|
Write_Addr<2>  |Y<2>           |   10.336|
Write_Addr<2>  |Y<3>           |   11.038|
Write_Addr<2>  |Y<4>           |   11.160|
Write_Addr<2>  |Y<5>           |   11.549|
Write_Addr<2>  |Y<6>           |   11.705|
Write_Addr<2>  |Y<7>           |   12.057|
Write_Addr<2>  |Y<8>           |   12.708|
Write_Addr<2>  |Y<9>           |   13.121|
Write_Addr<2>  |Y<10>          |   13.522|
Write_Addr<2>  |Y<11>          |   13.932|
Write_Addr<2>  |Y<12>          |   14.622|
Write_Addr<2>  |Y<13>          |   14.608|
Write_Addr<2>  |Y<14>          |   15.103|
Write_Addr<2>  |Y<15>          |   15.527|
Write_Addr<2>  |Z              |   15.888|
Write_Data<0>  |C              |   14.895|
Write_Data<0>  |N              |   14.735|
Write_Data<0>  |OutA<0>        |    6.866|
Write_Data<0>  |OutB<0>        |    7.382|
Write_Data<0>  |V              |   14.805|
Write_Data<0>  |Y<0>           |    8.279|
Write_Data<0>  |Y<1>           |    8.682|
Write_Data<0>  |Y<2>           |    9.378|
Write_Data<0>  |Y<3>           |   10.080|
Write_Data<0>  |Y<4>           |   10.202|
Write_Data<0>  |Y<5>           |   10.591|
Write_Data<0>  |Y<6>           |   10.747|
Write_Data<0>  |Y<7>           |   11.099|
Write_Data<0>  |Y<8>           |   11.750|
Write_Data<0>  |Y<9>           |   12.163|
Write_Data<0>  |Y<10>          |   12.564|
Write_Data<0>  |Y<11>          |   12.974|
Write_Data<0>  |Y<12>          |   13.664|
Write_Data<0>  |Y<13>          |   13.650|
Write_Data<0>  |Y<14>          |   14.145|
Write_Data<0>  |Y<15>          |   14.569|
Write_Data<0>  |Z              |   14.930|
Write_Data<1>  |C              |   14.203|
Write_Data<1>  |N              |   14.043|
Write_Data<1>  |OutA<1>        |    7.445|
Write_Data<1>  |OutB<1>        |    7.341|
Write_Data<1>  |V              |   14.113|
Write_Data<1>  |Y<1>           |    8.407|
Write_Data<1>  |Y<2>           |    8.686|
Write_Data<1>  |Y<3>           |    9.388|
Write_Data<1>  |Y<4>           |    9.510|
Write_Data<1>  |Y<5>           |    9.899|
Write_Data<1>  |Y<6>           |   10.055|
Write_Data<1>  |Y<7>           |   10.407|
Write_Data<1>  |Y<8>           |   11.058|
Write_Data<1>  |Y<9>           |   11.471|
Write_Data<1>  |Y<10>          |   11.872|
Write_Data<1>  |Y<11>          |   12.282|
Write_Data<1>  |Y<12>          |   12.972|
Write_Data<1>  |Y<13>          |   12.958|
Write_Data<1>  |Y<14>          |   13.453|
Write_Data<1>  |Y<15>          |   13.877|
Write_Data<1>  |Z              |   14.238|
Write_Data<2>  |C              |   13.334|
Write_Data<2>  |N              |   13.174|
Write_Data<2>  |OutA<2>        |    6.844|
Write_Data<2>  |OutB<2>        |    6.523|
Write_Data<2>  |V              |   13.244|
Write_Data<2>  |Y<2>           |    7.954|
Write_Data<2>  |Y<3>           |    8.519|
Write_Data<2>  |Y<4>           |    8.641|
Write_Data<2>  |Y<5>           |    9.030|
Write_Data<2>  |Y<6>           |    9.186|
Write_Data<2>  |Y<7>           |    9.538|
Write_Data<2>  |Y<8>           |   10.189|
Write_Data<2>  |Y<9>           |   10.602|
Write_Data<2>  |Y<10>          |   11.003|
Write_Data<2>  |Y<11>          |   11.413|
Write_Data<2>  |Y<12>          |   12.103|
Write_Data<2>  |Y<13>          |   12.089|
Write_Data<2>  |Y<14>          |   12.584|
Write_Data<2>  |Y<15>          |   13.008|
Write_Data<2>  |Z              |   13.369|
Write_Data<3>  |C              |   13.108|
Write_Data<3>  |N              |   12.948|
Write_Data<3>  |OutA<3>        |    6.843|
Write_Data<3>  |OutB<3>        |    6.670|
Write_Data<3>  |V              |   13.018|
Write_Data<3>  |Y<3>           |    7.910|
Write_Data<3>  |Y<4>           |    8.415|
Write_Data<3>  |Y<5>           |    8.804|
Write_Data<3>  |Y<6>           |    8.960|
Write_Data<3>  |Y<7>           |    9.312|
Write_Data<3>  |Y<8>           |    9.963|
Write_Data<3>  |Y<9>           |   10.376|
Write_Data<3>  |Y<10>          |   10.777|
Write_Data<3>  |Y<11>          |   11.187|
Write_Data<3>  |Y<12>          |   11.877|
Write_Data<3>  |Y<13>          |   11.863|
Write_Data<3>  |Y<14>          |   12.358|
Write_Data<3>  |Y<15>          |   12.782|
Write_Data<3>  |Z              |   13.143|
Write_Data<4>  |C              |   13.294|
Write_Data<4>  |N              |   13.134|
Write_Data<4>  |OutA<4>        |    7.001|
Write_Data<4>  |OutB<4>        |    7.382|
Write_Data<4>  |V              |   13.204|
Write_Data<4>  |Y<4>           |    8.347|
Write_Data<4>  |Y<5>           |    8.990|
Write_Data<4>  |Y<6>           |    9.146|
Write_Data<4>  |Y<7>           |    9.498|
Write_Data<4>  |Y<8>           |   10.149|
Write_Data<4>  |Y<9>           |   10.562|
Write_Data<4>  |Y<10>          |   10.963|
Write_Data<4>  |Y<11>          |   11.373|
Write_Data<4>  |Y<12>          |   12.063|
Write_Data<4>  |Y<13>          |   12.049|
Write_Data<4>  |Y<14>          |   12.544|
Write_Data<4>  |Y<15>          |   12.968|
Write_Data<4>  |Z              |   13.329|
Write_Data<5>  |C              |   12.634|
Write_Data<5>  |N              |   12.474|
Write_Data<5>  |OutA<5>        |    7.155|
Write_Data<5>  |OutB<5>        |    5.841|
Write_Data<5>  |V              |   12.544|
Write_Data<5>  |Y<5>           |    7.898|
Write_Data<5>  |Y<6>           |    8.486|
Write_Data<5>  |Y<7>           |    8.838|
Write_Data<5>  |Y<8>           |    9.489|
Write_Data<5>  |Y<9>           |    9.902|
Write_Data<5>  |Y<10>          |   10.303|
Write_Data<5>  |Y<11>          |   10.713|
Write_Data<5>  |Y<12>          |   11.403|
Write_Data<5>  |Y<13>          |   11.389|
Write_Data<5>  |Y<14>          |   11.884|
Write_Data<5>  |Y<15>          |   12.308|
Write_Data<5>  |Z              |   12.669|
Write_Data<6>  |C              |   12.113|
Write_Data<6>  |N              |   11.953|
Write_Data<6>  |OutA<6>        |    6.380|
Write_Data<6>  |OutB<6>        |    6.289|
Write_Data<6>  |V              |   12.023|
Write_Data<6>  |Y<6>           |    7.864|
Write_Data<6>  |Y<7>           |    8.317|
Write_Data<6>  |Y<8>           |    8.968|
Write_Data<6>  |Y<9>           |    9.381|
Write_Data<6>  |Y<10>          |    9.782|
Write_Data<6>  |Y<11>          |   10.192|
Write_Data<6>  |Y<12>          |   10.882|
Write_Data<6>  |Y<13>          |   10.868|
Write_Data<6>  |Y<14>          |   11.363|
Write_Data<6>  |Y<15>          |   11.787|
Write_Data<6>  |Z              |   12.148|
Write_Data<7>  |C              |   11.437|
Write_Data<7>  |N              |   11.277|
Write_Data<7>  |OutA<7>        |    7.289|
Write_Data<7>  |OutB<7>        |    6.126|
Write_Data<7>  |V              |   11.347|
Write_Data<7>  |Y<7>           |    8.095|
Write_Data<7>  |Y<8>           |    8.292|
Write_Data<7>  |Y<9>           |    8.705|
Write_Data<7>  |Y<10>          |    9.106|
Write_Data<7>  |Y<11>          |    9.516|
Write_Data<7>  |Y<12>          |   10.206|
Write_Data<7>  |Y<13>          |   10.192|
Write_Data<7>  |Y<14>          |   10.687|
Write_Data<7>  |Y<15>          |   11.111|
Write_Data<7>  |Z              |   11.472|
Write_Data<8>  |C              |   11.121|
Write_Data<8>  |N              |   10.961|
Write_Data<8>  |OutA<8>        |    6.424|
Write_Data<8>  |OutB<8>        |    6.471|
Write_Data<8>  |V              |   11.031|
Write_Data<8>  |Y<8>           |    8.023|
Write_Data<8>  |Y<9>           |    8.389|
Write_Data<8>  |Y<10>          |    8.790|
Write_Data<8>  |Y<11>          |    9.200|
Write_Data<8>  |Y<12>          |    9.890|
Write_Data<8>  |Y<13>          |    9.876|
Write_Data<8>  |Y<14>          |   10.371|
Write_Data<8>  |Y<15>          |   10.795|
Write_Data<8>  |Z              |   11.156|
Write_Data<9>  |C              |   10.869|
Write_Data<9>  |N              |   10.709|
Write_Data<9>  |OutA<9>        |    7.072|
Write_Data<9>  |OutB<9>        |    6.478|
Write_Data<9>  |V              |   10.779|
Write_Data<9>  |Y<9>           |    7.920|
Write_Data<9>  |Y<10>          |    8.538|
Write_Data<9>  |Y<11>          |    8.948|
Write_Data<9>  |Y<12>          |    9.638|
Write_Data<9>  |Y<13>          |    9.624|
Write_Data<9>  |Y<14>          |   10.119|
Write_Data<9>  |Y<15>          |   10.543|
Write_Data<9>  |Z              |   10.904|
Write_Data<10> |C              |   10.700|
Write_Data<10> |N              |   10.540|
Write_Data<10> |OutA<10>       |    7.587|
Write_Data<10> |OutB<10>       |    6.191|
Write_Data<10> |V              |   10.610|
Write_Data<10> |Y<10>          |    8.720|
Write_Data<10> |Y<11>          |    8.779|
Write_Data<10> |Y<12>          |    9.469|
Write_Data<10> |Y<13>          |    9.455|
Write_Data<10> |Y<14>          |    9.950|
Write_Data<10> |Y<15>          |   10.374|
Write_Data<10> |Z              |   10.735|
Write_Data<11> |C              |    9.441|
Write_Data<11> |N              |    9.281|
Write_Data<11> |OutA<11>       |    6.799|
Write_Data<11> |OutB<11>       |    6.598|
Write_Data<11> |V              |    9.351|
Write_Data<11> |Y<11>          |    7.411|
Write_Data<11> |Y<12>          |    8.210|
Write_Data<11> |Y<13>          |    8.196|
Write_Data<11> |Y<14>          |    8.691|
Write_Data<11> |Y<15>          |    9.115|
Write_Data<11> |Z              |    9.476|
Write_Data<12> |C              |   10.242|
Write_Data<12> |N              |   10.082|
Write_Data<12> |OutA<12>       |    7.345|
Write_Data<12> |OutB<12>       |    7.941|
Write_Data<12> |V              |   10.152|
Write_Data<12> |Y<12>          |    9.123|
Write_Data<12> |Y<13>          |    8.997|
Write_Data<12> |Y<14>          |    9.492|
Write_Data<12> |Y<15>          |    9.916|
Write_Data<12> |Z              |   10.277|
Write_Data<13> |C              |    9.806|
Write_Data<13> |N              |    9.646|
Write_Data<13> |OutA<13>       |    6.911|
Write_Data<13> |OutB<13>       |    6.429|
Write_Data<13> |V              |    9.716|
Write_Data<13> |Y<13>          |    8.437|
Write_Data<13> |Y<14>          |    9.056|
Write_Data<13> |Y<15>          |    9.480|
Write_Data<13> |Z              |    9.841|
Write_Data<14> |C              |    9.544|
Write_Data<14> |N              |    9.384|
Write_Data<14> |OutA<14>       |    7.128|
Write_Data<14> |OutB<14>       |    6.850|
Write_Data<14> |V              |    9.454|
Write_Data<14> |Y<14>          |    8.658|
Write_Data<14> |Y<15>          |    9.218|
Write_Data<14> |Z              |    9.579|
Write_Data<15> |C              |    7.891|
Write_Data<15> |N              |    7.810|
Write_Data<15> |OutA<15>       |    6.788|
Write_Data<15> |OutB<15>       |    6.777|
Write_Data<15> |V              |    7.801|
Write_Data<15> |Y<15>          |    7.644|
Write_Data<15> |Z              |    8.005|
Write_En       |C              |   15.895|
Write_En       |N              |   15.735|
Write_En       |OutA<0>        |    7.699|
Write_En       |OutA<1>        |    7.984|
Write_En       |OutA<2>        |    7.375|
Write_En       |OutA<3>        |    7.610|
Write_En       |OutA<4>        |    7.188|
Write_En       |OutA<5>        |    8.690|
Write_En       |OutA<6>        |    7.428|
Write_En       |OutA<7>        |    8.961|
Write_En       |OutA<8>        |    6.620|
Write_En       |OutA<9>        |    7.278|
Write_En       |OutA<10>       |    8.781|
Write_En       |OutA<11>       |    7.608|
Write_En       |OutA<12>       |    8.135|
Write_En       |OutA<13>       |    8.045|
Write_En       |OutA<14>       |    7.891|
Write_En       |OutA<15>       |    7.936|
Write_En       |OutB<0>        |    8.382|
Write_En       |OutB<1>        |    7.917|
Write_En       |OutB<2>        |    7.586|
Write_En       |OutB<3>        |    7.786|
Write_En       |OutB<4>        |    7.689|
Write_En       |OutB<5>        |    7.612|
Write_En       |OutB<6>        |    7.863|
Write_En       |OutB<7>        |    7.798|
Write_En       |OutB<8>        |    6.763|
Write_En       |OutB<9>        |    6.779|
Write_En       |OutB<10>       |    7.338|
Write_En       |OutB<11>       |    7.430|
Write_En       |OutB<12>       |    8.717|
Write_En       |OutB<13>       |    7.639|
Write_En       |OutB<14>       |    7.724|
Write_En       |OutB<15>       |    8.025|
Write_En       |V              |   15.805|
Write_En       |Y<0>           |    9.279|
Write_En       |Y<1>           |    9.682|
Write_En       |Y<2>           |   10.378|
Write_En       |Y<3>           |   11.080|
Write_En       |Y<4>           |   11.202|
Write_En       |Y<5>           |   11.591|
Write_En       |Y<6>           |   11.747|
Write_En       |Y<7>           |   12.099|
Write_En       |Y<8>           |   12.750|
Write_En       |Y<9>           |   13.163|
Write_En       |Y<10>          |   13.564|
Write_En       |Y<11>          |   13.974|
Write_En       |Y<12>          |   14.664|
Write_En       |Y<13>          |   14.650|
Write_En       |Y<14>          |   15.145|
Write_En       |Y<15>          |   15.569|
Write_En       |Z              |   15.930|
clk            |C              |   17.814|
clk            |N              |   17.654|
clk            |OutA<0>        |   10.007|
clk            |OutA<1>        |    9.930|
clk            |OutA<2>        |    9.242|
clk            |OutA<3>        |    8.914|
clk            |OutA<4>        |    8.794|
clk            |OutA<5>        |   10.078|
clk            |OutA<6>        |    8.497|
clk            |OutA<7>        |   10.299|
clk            |OutA<8>        |    7.460|
clk            |OutA<9>        |    8.545|
clk            |OutA<10>       |    7.804|
clk            |OutA<11>       |    8.231|
clk            |OutA<12>       |    7.133|
clk            |OutA<13>       |    7.139|
clk            |OutA<14>       |    6.870|
clk            |OutA<15>       |    7.552|
clk            |OutB<0>        |   10.301|
clk            |OutB<1>        |    9.748|
clk            |OutB<2>        |    9.453|
clk            |OutB<3>        |    9.293|
clk            |OutB<4>        |    8.900|
clk            |OutB<5>        |    8.975|
clk            |OutB<6>        |    8.695|
clk            |OutB<7>        |    9.136|
clk            |OutB<8>        |    7.516|
clk            |OutB<9>        |    8.129|
clk            |OutB<10>       |    6.347|
clk            |OutB<11>       |    8.148|
clk            |OutB<12>       |    7.448|
clk            |OutB<13>       |    6.424|
clk            |OutB<14>       |    6.360|
clk            |OutB<15>       |    7.552|
clk            |V              |   17.724|
clk            |Y<0>           |   11.198|
clk            |Y<1>           |   11.601|
clk            |Y<2>           |   12.297|
clk            |Y<3>           |   12.999|
clk            |Y<4>           |   13.121|
clk            |Y<5>           |   13.510|
clk            |Y<6>           |   13.666|
clk            |Y<7>           |   14.018|
clk            |Y<8>           |   14.669|
clk            |Y<9>           |   15.082|
clk            |Y<10>          |   15.483|
clk            |Y<11>          |   15.893|
clk            |Y<12>          |   16.583|
clk            |Y<13>          |   16.569|
clk            |Y<14>          |   17.064|
clk            |Y<15>          |   17.488|
clk            |Z              |   17.849|
imm5<0>        |C              |   13.077|
imm5<0>        |N              |   12.917|
imm5<0>        |V              |   12.987|
imm5<0>        |Y<0>           |    6.461|
imm5<0>        |Y<1>           |    6.864|
imm5<0>        |Y<2>           |    7.560|
imm5<0>        |Y<3>           |    8.262|
imm5<0>        |Y<4>           |    8.384|
imm5<0>        |Y<5>           |    8.773|
imm5<0>        |Y<6>           |    8.929|
imm5<0>        |Y<7>           |    9.281|
imm5<0>        |Y<8>           |    9.932|
imm5<0>        |Y<9>           |   10.345|
imm5<0>        |Y<10>          |   10.746|
imm5<0>        |Y<11>          |   11.156|
imm5<0>        |Y<12>          |   11.846|
imm5<0>        |Y<13>          |   11.832|
imm5<0>        |Y<14>          |   12.327|
imm5<0>        |Y<15>          |   12.751|
imm5<0>        |Z              |   13.112|
imm5<1>        |C              |   11.770|
imm5<1>        |N              |   11.610|
imm5<1>        |V              |   11.680|
imm5<1>        |Y<1>           |    5.999|
imm5<1>        |Y<2>           |    6.253|
imm5<1>        |Y<3>           |    6.955|
imm5<1>        |Y<4>           |    7.077|
imm5<1>        |Y<5>           |    7.466|
imm5<1>        |Y<6>           |    7.622|
imm5<1>        |Y<7>           |    7.974|
imm5<1>        |Y<8>           |    8.625|
imm5<1>        |Y<9>           |    9.038|
imm5<1>        |Y<10>          |    9.439|
imm5<1>        |Y<11>          |    9.849|
imm5<1>        |Y<12>          |   10.539|
imm5<1>        |Y<13>          |   10.525|
imm5<1>        |Y<14>          |   11.020|
imm5<1>        |Y<15>          |   11.444|
imm5<1>        |Z              |   11.805|
imm5<2>        |C              |   11.168|
imm5<2>        |N              |   11.008|
imm5<2>        |V              |   11.078|
imm5<2>        |Y<2>           |    5.788|
imm5<2>        |Y<3>           |    6.353|
imm5<2>        |Y<4>           |    6.475|
imm5<2>        |Y<5>           |    6.864|
imm5<2>        |Y<6>           |    7.020|
imm5<2>        |Y<7>           |    7.372|
imm5<2>        |Y<8>           |    8.023|
imm5<2>        |Y<9>           |    8.436|
imm5<2>        |Y<10>          |    8.837|
imm5<2>        |Y<11>          |    9.247|
imm5<2>        |Y<12>          |    9.937|
imm5<2>        |Y<13>          |    9.923|
imm5<2>        |Y<14>          |   10.418|
imm5<2>        |Y<15>          |   10.842|
imm5<2>        |Z              |   11.203|
imm5<3>        |C              |   11.733|
imm5<3>        |N              |   11.573|
imm5<3>        |V              |   11.643|
imm5<3>        |Y<3>           |    6.535|
imm5<3>        |Y<4>           |    7.040|
imm5<3>        |Y<5>           |    7.429|
imm5<3>        |Y<6>           |    7.585|
imm5<3>        |Y<7>           |    7.937|
imm5<3>        |Y<8>           |    8.588|
imm5<3>        |Y<9>           |    9.001|
imm5<3>        |Y<10>          |    9.402|
imm5<3>        |Y<11>          |    9.812|
imm5<3>        |Y<12>          |   10.502|
imm5<3>        |Y<13>          |   10.488|
imm5<3>        |Y<14>          |   10.983|
imm5<3>        |Y<15>          |   11.407|
imm5<3>        |Z              |   11.768|
imm5<4>        |C              |   11.312|
imm5<4>        |N              |   11.152|
imm5<4>        |V              |   11.222|
imm5<4>        |Y<4>           |    6.365|
imm5<4>        |Y<5>           |    7.008|
imm5<4>        |Y<6>           |    7.164|
imm5<4>        |Y<7>           |    7.516|
imm5<4>        |Y<8>           |    8.167|
imm5<4>        |Y<9>           |    8.580|
imm5<4>        |Y<10>          |    8.981|
imm5<4>        |Y<11>          |    9.391|
imm5<4>        |Y<12>          |   10.081|
imm5<4>        |Y<13>          |   10.067|
imm5<4>        |Y<14>          |   10.562|
imm5<4>        |Y<15>          |   10.986|
imm5<4>        |Z              |   11.347|
---------------+---------------+---------+


Analysis completed Thu Sep 29 19:09:03 2022 
--------------------------------------------------------------------------------

Trace Settings:
-------------------------
Trace Settings 

Peak Memory Usage: 4793 MB



